// Jest Snapshot v1, https://goo.gl/fbAQLP

exports[`<NewMovie/> 1`] = `
<div>
  <h1
    data-testid="page-title"
  >
    New Movie
  </h1>
  <div>
    <form
      data-testid="movie-form"
    >
      <label
        for="text"
      >
        <input
          type="text"
          id="text"
          value=""
        />
      </label>
      <button>
        Submit
      </button>
    </form>
  </div>
</div>
`;
